// Jest Snapshot v1, https://goo.gl/fbAQLP

exports[`fetchLiveStreams fetchLiveStreamsApiCall should return parsed livestreams data on success and filter out nullable id records 1`] = `
[
  {
    "description": undefined,
    "genre": undefined,
    "itemId": "50128bae-e954-4233-8e15-cd5867a31370",
    "sport_type": "surfing",
    "streamDate": 2022-12-17T04:52:43.000Z,
    "thumbnail": "https://d1v0fxmwkpxbrg.cloudfront.net/sports-app/images/250x250/11.jpg",
    "title": "Live from Century's Football Match",
  },
  {
    "description": undefined,
    "genre": undefined,
    "itemId": "d9f25760-7263-426a-b4d7-a25e14a26f03",
    "sport_type": "soccer",
    "streamDate": 2022-06-09T11:58:23.000Z,
    "thumbnail": "https://d1v0fxmwkpxbrg.cloudfront.net/sports-app/images/250x250/12.jpg",
    "title": "Formula 1 Discussion Panel",
  },
  {
    "description": undefined,
    "genre": undefined,
    "itemId": "73780c3d-2f09-4ea0-b9c0-50bdf2a9ba0a",
    "sport_type": "padel",
    "streamDate": 2022-10-07T23:10:08.000Z,
    "thumbnail": "https://d1v0fxmwkpxbrg.cloudfront.net/sports-app/images/250x250/13.jpg",
    "title": "Inside the Championship Studio",
  },
  {
    "description": undefined,
    "genre": undefined,
    "itemId": "4448fb6d-f55c-4975-8b0c-14d5356d807b",
    "sport_type": "surfing",
    "streamDate": 2022-01-25T06:12:26.000Z,
    "thumbnail": "https://d1v0fxmwkpxbrg.cloudfront.net/sports-app/images/250x250/14.jpg",
    "title": "Post-Match Analysis Desk",
  },
  {
    "description": undefined,
    "genre": undefined,
    "itemId": "997afe05-d0fa-44c2-b62e-555062807623",
    "sport_type": "surfing",
    "streamDate": 2022-08-20T07:38:40.000Z,
    "thumbnail": "https://d1v0fxmwkpxbrg.cloudfront.net/sports-app/images/250x250/15.jpg",
    "title": "Voices from the Sidelines",
  },
  {
    "description": undefined,
    "genre": undefined,
    "itemId": "dad18f0f-d753-47b7-9393-e30630a394cd",
    "sport_type": "skiing",
    "streamDate": 2022-08-27T15:58:41.000Z,
    "thumbnail": "https://d1v0fxmwkpxbrg.cloudfront.net/sports-app/images/250x250/16.jpg",
    "title": "Breaking News: Sports Edition",
  },
  {
    "description": undefined,
    "genre": undefined,
    "itemId": "18813033-6113-4da8-ad75-2a209da6380f",
    "sport_type": "football",
    "streamDate": 2024-10-17T20:05:31.000Z,
    "thumbnail": "https://d1v0fxmwkpxbrg.cloudfront.net/sports-app/images/250x250/17.jpg",
    "title": "Live Debate: Game Changers",
  },
  {
    "description": undefined,
    "genre": undefined,
    "itemId": "449e40c9-1b3a-4a33-931f-5172b5abaf39",
    "sport_type": "marathon",
    "streamDate": 2022-08-11T07:26:11.000Z,
    "thumbnail": "https://d1v0fxmwkpxbrg.cloudfront.net/sports-app/images/250x250/18.jpg",
    "title": "Studio Insights: Race Day",
  },
  {
    "description": undefined,
    "genre": undefined,
    "itemId": "386e49d7-3ff1-476a-82b9-b9a61870b3b3",
    "sport_type": "running",
    "streamDate": 2022-04-30T05:45:24.000Z,
    "thumbnail": "https://d1v0fxmwkpxbrg.cloudfront.net/sports-app/images/250x250/19.jpg",
    "title": "Reporter’s Corner: Match Highlights",
  },
  {
    "description": undefined,
    "genre": undefined,
    "itemId": "9fbaaba2-b6d0-442e-83fe-529212062a4c",
    "sport_type": "soccer",
    "streamDate": 2022-08-04T05:43:00.000Z,
    "thumbnail": "https://d1v0fxmwkpxbrg.cloudfront.net/sports-app/images/250x250/20.jpg",
    "title": "On-Air with the Experts",
  },
  {
    "description": undefined,
    "genre": undefined,
    "itemId": "c4253727-d8fe-4b22-b792-e1c79ecaa5f4",
    "sport_type": "boxing",
    "streamDate": undefined,
    "thumbnail": "https://d1v0fxmwkpxbrg.cloudfront.net/sports-app/images/250x250/24.jpg",
    "title": "In-Studio with Top Analysts",
  },
  {
    "description": undefined,
    "genre": undefined,
    "itemId": "f4a39998-4937-4bb7-82e7-90108a12a702",
    "sport_type": "football",
    "streamDate": undefined,
    "thumbnail": "https://d1v0fxmwkpxbrg.cloudfront.net/sports-app/images/250x250/25.jpg",
    "title": "Game Day Reporter Spotlight",
  },
  {
    "description": undefined,
    "genre": undefined,
    "itemId": "39abb98c-922d-4f10-b205-4b95a4d4babb",
    "sport_type": "biking",
    "streamDate": undefined,
    "thumbnail": "https://d1v0fxmwkpxbrg.cloudfront.net/sports-app/images/250x250/26.jpg",
    "title": "Behind the Mic: Sports Talk",
  },
  {
    "description": undefined,
    "genre": undefined,
    "itemId": "967d3e67-473d-4351-9c10-3727f55297ee",
    "sport_type": "running",
    "streamDate": 2022-08-27T15:58:41.000Z,
    "thumbnail": "https://d1v0fxmwkpxbrg.cloudfront.net/sports-app/images/250x250/27.jpg",
    "title": "Breaking News: Sports Edition",
  },
  {
    "description": undefined,
    "genre": undefined,
    "itemId": "074ac572-c778-4402-bd68-61438f28e10f",
    "sport_type": "basketball",
    "streamDate": 2024-10-17T20:05:31.000Z,
    "thumbnail": "https://d1v0fxmwkpxbrg.cloudfront.net/sports-app/images/250x250/28.jpg",
    "title": "Live Debate: Game Changers",
  },
  {
    "description": undefined,
    "genre": undefined,
    "itemId": "c9027268-5ef4-4663-b979-a8ae527373a1",
    "sport_type": "baseball",
    "streamDate": 2022-08-11T07:26:11.000Z,
    "thumbnail": "https://d1v0fxmwkpxbrg.cloudfront.net/sports-app/images/250x250/29.jpg",
    "title": "Studio Insights: Race Day",
  },
  {
    "description": undefined,
    "genre": undefined,
    "itemId": "7e1a09a4-1066-43d3-9ee9-0eb89ade5c18",
    "sport_type": "land hockey",
    "streamDate": 2022-04-30T05:45:24.000Z,
    "thumbnail": "https://d1v0fxmwkpxbrg.cloudfront.net/sports-app/images/250x250/30.jpg",
    "title": "Reporter’s Corner: Match Highlights",
  },
  {
    "description": undefined,
    "genre": undefined,
    "itemId": "1eeadc2b-4e6f-461a-8f93-825ef54b2f48",
    "sport_type": "tennis",
    "streamDate": 2022-08-04T05:43:00.000Z,
    "thumbnail": "https://d1v0fxmwkpxbrg.cloudfront.net/sports-app/images/250x250/31.jpg",
    "title": "On-Air with the Experts",
  },
  {
    "description": undefined,
    "genre": undefined,
    "itemId": "144509c0-424f-40e3-ad26-f1ae885e8b79",
    "sport_type": "running",
    "streamDate": 2022-08-04T05:43:00.000Z,
    "thumbnail": "https://d1v0fxmwkpxbrg.cloudfront.net/sports-app/images/250x250/32.jpg",
    "title": "Pre-Game Strategy Breakdown",
  },
  {
    "description": undefined,
    "genre": undefined,
    "itemId": "93e85028-3a15-44e1-b976-813711a6b938",
    "sport_type": "biking",
    "streamDate": 2022-08-04T05:43:00.000Z,
    "thumbnail": "https://d1v0fxmwkpxbrg.cloudfront.net/sports-app/images/250x250/33.jpg",
    "title": "Final Whistle Recap Show",
  },
]
`;

exports[`fetchLiveStreams useLiveStreams should return live streams data and no error on successful fetch 1`] = `
[
  {
    "description": undefined,
    "genre": undefined,
    "itemId": "50128bae-e954-4233-8e15-cd5867a31370",
    "sport_type": "surfing",
    "streamDate": 2022-12-17T04:52:43.000Z,
    "thumbnail": "https://d1v0fxmwkpxbrg.cloudfront.net/sports-app/images/250x250/11.jpg",
    "title": "Live from Century's Football Match",
  },
  {
    "description": undefined,
    "genre": undefined,
    "itemId": "d9f25760-7263-426a-b4d7-a25e14a26f03",
    "sport_type": "soccer",
    "streamDate": 2022-06-09T11:58:23.000Z,
    "thumbnail": "https://d1v0fxmwkpxbrg.cloudfront.net/sports-app/images/250x250/12.jpg",
    "title": "Formula 1 Discussion Panel",
  },
  {
    "description": undefined,
    "genre": undefined,
    "itemId": "73780c3d-2f09-4ea0-b9c0-50bdf2a9ba0a",
    "sport_type": "padel",
    "streamDate": 2022-10-07T23:10:08.000Z,
    "thumbnail": "https://d1v0fxmwkpxbrg.cloudfront.net/sports-app/images/250x250/13.jpg",
    "title": "Inside the Championship Studio",
  },
  {
    "description": undefined,
    "genre": undefined,
    "itemId": "4448fb6d-f55c-4975-8b0c-14d5356d807b",
    "sport_type": "surfing",
    "streamDate": 2022-01-25T06:12:26.000Z,
    "thumbnail": "https://d1v0fxmwkpxbrg.cloudfront.net/sports-app/images/250x250/14.jpg",
    "title": "Post-Match Analysis Desk",
  },
  {
    "description": undefined,
    "genre": undefined,
    "itemId": "997afe05-d0fa-44c2-b62e-555062807623",
    "sport_type": "surfing",
    "streamDate": 2022-08-20T07:38:40.000Z,
    "thumbnail": "https://d1v0fxmwkpxbrg.cloudfront.net/sports-app/images/250x250/15.jpg",
    "title": "Voices from the Sidelines",
  },
  {
    "description": undefined,
    "genre": undefined,
    "itemId": "dad18f0f-d753-47b7-9393-e30630a394cd",
    "sport_type": "skiing",
    "streamDate": 2022-08-27T15:58:41.000Z,
    "thumbnail": "https://d1v0fxmwkpxbrg.cloudfront.net/sports-app/images/250x250/16.jpg",
    "title": "Breaking News: Sports Edition",
  },
  {
    "description": undefined,
    "genre": undefined,
    "itemId": "18813033-6113-4da8-ad75-2a209da6380f",
    "sport_type": "football",
    "streamDate": 2024-10-17T20:05:31.000Z,
    "thumbnail": "https://d1v0fxmwkpxbrg.cloudfront.net/sports-app/images/250x250/17.jpg",
    "title": "Live Debate: Game Changers",
  },
  {
    "description": undefined,
    "genre": undefined,
    "itemId": "449e40c9-1b3a-4a33-931f-5172b5abaf39",
    "sport_type": "marathon",
    "streamDate": 2022-08-11T07:26:11.000Z,
    "thumbnail": "https://d1v0fxmwkpxbrg.cloudfront.net/sports-app/images/250x250/18.jpg",
    "title": "Studio Insights: Race Day",
  },
  {
    "description": undefined,
    "genre": undefined,
    "itemId": "386e49d7-3ff1-476a-82b9-b9a61870b3b3",
    "sport_type": "running",
    "streamDate": 2022-04-30T05:45:24.000Z,
    "thumbnail": "https://d1v0fxmwkpxbrg.cloudfront.net/sports-app/images/250x250/19.jpg",
    "title": "Reporter’s Corner: Match Highlights",
  },
  {
    "description": undefined,
    "genre": undefined,
    "itemId": "9fbaaba2-b6d0-442e-83fe-529212062a4c",
    "sport_type": "soccer",
    "streamDate": 2022-08-04T05:43:00.000Z,
    "thumbnail": "https://d1v0fxmwkpxbrg.cloudfront.net/sports-app/images/250x250/20.jpg",
    "title": "On-Air with the Experts",
  },
  {
    "description": undefined,
    "genre": undefined,
    "itemId": "c4253727-d8fe-4b22-b792-e1c79ecaa5f4",
    "sport_type": "boxing",
    "streamDate": undefined,
    "thumbnail": "https://d1v0fxmwkpxbrg.cloudfront.net/sports-app/images/250x250/24.jpg",
    "title": "In-Studio with Top Analysts",
  },
  {
    "description": undefined,
    "genre": undefined,
    "itemId": "f4a39998-4937-4bb7-82e7-90108a12a702",
    "sport_type": "football",
    "streamDate": undefined,
    "thumbnail": "https://d1v0fxmwkpxbrg.cloudfront.net/sports-app/images/250x250/25.jpg",
    "title": "Game Day Reporter Spotlight",
  },
  {
    "description": undefined,
    "genre": undefined,
    "itemId": "39abb98c-922d-4f10-b205-4b95a4d4babb",
    "sport_type": "biking",
    "streamDate": undefined,
    "thumbnail": "https://d1v0fxmwkpxbrg.cloudfront.net/sports-app/images/250x250/26.jpg",
    "title": "Behind the Mic: Sports Talk",
  },
  {
    "description": undefined,
    "genre": undefined,
    "itemId": "967d3e67-473d-4351-9c10-3727f55297ee",
    "sport_type": "running",
    "streamDate": 2022-08-27T15:58:41.000Z,
    "thumbnail": "https://d1v0fxmwkpxbrg.cloudfront.net/sports-app/images/250x250/27.jpg",
    "title": "Breaking News: Sports Edition",
  },
  {
    "description": undefined,
    "genre": undefined,
    "itemId": "074ac572-c778-4402-bd68-61438f28e10f",
    "sport_type": "basketball",
    "streamDate": 2024-10-17T20:05:31.000Z,
    "thumbnail": "https://d1v0fxmwkpxbrg.cloudfront.net/sports-app/images/250x250/28.jpg",
    "title": "Live Debate: Game Changers",
  },
  {
    "description": undefined,
    "genre": undefined,
    "itemId": "c9027268-5ef4-4663-b979-a8ae527373a1",
    "sport_type": "baseball",
    "streamDate": 2022-08-11T07:26:11.000Z,
    "thumbnail": "https://d1v0fxmwkpxbrg.cloudfront.net/sports-app/images/250x250/29.jpg",
    "title": "Studio Insights: Race Day",
  },
  {
    "description": undefined,
    "genre": undefined,
    "itemId": "7e1a09a4-1066-43d3-9ee9-0eb89ade5c18",
    "sport_type": "land hockey",
    "streamDate": 2022-04-30T05:45:24.000Z,
    "thumbnail": "https://d1v0fxmwkpxbrg.cloudfront.net/sports-app/images/250x250/30.jpg",
    "title": "Reporter’s Corner: Match Highlights",
  },
  {
    "description": undefined,
    "genre": undefined,
    "itemId": "1eeadc2b-4e6f-461a-8f93-825ef54b2f48",
    "sport_type": "tennis",
    "streamDate": 2022-08-04T05:43:00.000Z,
    "thumbnail": "https://d1v0fxmwkpxbrg.cloudfront.net/sports-app/images/250x250/31.jpg",
    "title": "On-Air with the Experts",
  },
  {
    "description": undefined,
    "genre": undefined,
    "itemId": "144509c0-424f-40e3-ad26-f1ae885e8b79",
    "sport_type": "running",
    "streamDate": 2022-08-04T05:43:00.000Z,
    "thumbnail": "https://d1v0fxmwkpxbrg.cloudfront.net/sports-app/images/250x250/32.jpg",
    "title": "Pre-Game Strategy Breakdown",
  },
  {
    "description": undefined,
    "genre": undefined,
    "itemId": "93e85028-3a15-44e1-b976-813711a6b938",
    "sport_type": "biking",
    "streamDate": 2022-08-04T05:43:00.000Z,
    "thumbnail": "https://d1v0fxmwkpxbrg.cloudfront.net/sports-app/images/250x250/33.jpg",
    "title": "Final Whistle Recap Show",
  },
]
`;
