// Jest Snapshot v1, https://goo.gl/fbAQLP

exports[`fetchSuggestedForYou fetchSuggestedForYouApiCall should return parsed suggested for you data on success 1`] = `
[
  {
    "description": "American Vagabond is a documentary about the life of a man who travels the world on a motorcycle. It is a story of adventure, freedom, and the pursuit of dreams. It is a story of a man who travels the world on a motorcycle.",
    "genre": "Documentary",
    "itemId": "e9a06a8f-9d40-41b9-a8b4-38bbc67159a2",
    "linkedContent": {
      "endpoint": "livestreams",
      "itemId": "50128bae-e954-4233-8e15-cd5867a31370",
    },
    "network": "Bluejam",
    "rating": 2.7,
    "sport_type": "volleyball",
    "thumbnail": "https://d1v0fxmwkpxbrg.cloudfront.net/sports-app/images/900x700/1.jpg",
    "title": "American Vagabond",
  },
  {
    "description": "Dark Horse is a documentary about the life of a man who travels the world on a motorcycle. It is a story of adventure, freedom, and the pursuit of dreams. It is a story of a man who travels the world on a motorcycle.",
    "genre": "Documentary",
    "itemId": "2eae733d-748a-49dc-9558-56984b4bffda",
    "linkedContent": {
      "endpoint": "livestreams",
      "itemId": "d9f25760-7263-426a-b4d7-a25e14a26f03",
    },
    "network": "Devcast",
    "rating": 0.2,
    "sport_type": "boxing",
    "thumbnail": "https://d1v0fxmwkpxbrg.cloudfront.net/sports-app/images/900x700/2.jpg",
    "title": "Dark Horse (Voksne mennesker)",
  },
  {
    "description": "Big, Large and Verdone is a documentary about the life of a man who travels the world on a motorcycle. It is a story of adventure, freedom, and the pursuit of dreams. It is a story of a man who travels the world on a motorcycle.",
    "genre": "Documentary",
    "itemId": "d8942af8-899b-4938-9060-328562d9e186",
    "linkedContent": {
      "endpoint": "livestreams",
      "itemId": "449e40c9-1b3a-4a33-931f-5172b5abaf39",
    },
    "network": "Ntags",
    "rating": 8.3,
    "sport_type": "hockey",
    "thumbnail": "https://d1v0fxmwkpxbrg.cloudfront.net/sports-app/images/900x700/3.jpg",
    "title": "Big, Large and Verdone",
  },
  {
    "description": "Crossroads is a documentary about the life of a man who travels the world on a motorcycle. It is a story of adventure, freedom, and the pursuit of dreams. It is a story of a man who travels the world on a motorcycle.",
    "genre": "Reality",
    "itemId": "9bebda7d-bd2f-4660-9217-19b986e2fdd0",
    "linkedContent": {
      "endpoint": "teams",
      "itemId": "f2d507fe-682c-476a-9a91-56923d9e5a49",
    },
    "network": "Abata",
    "rating": 2.8,
    "sport_type": "cycling",
    "thumbnail": "https://d1v0fxmwkpxbrg.cloudfront.net/sports-app/images/900x700/4.jpg",
    "title": "Crossroads",
  },
  {
    "description": "Onechanbara - Zombie Bikini Squad (a.k.a. Oneechanbara: The Movie) is a documentary about the life of a man who travels the world on a motorcycle. It is a story of adventure, freedom, and the pursuit of dreams. It is a story of a man who travels the world on a motorcycle.",
    "genre": "Reality",
    "itemId": "7c61e824-e4e5-41a3-a0bf-7fcc16b3a297",
    "linkedContent": {
      "endpoint": "teams",
      "itemId": "fdd82ada-af3f-4fe8-a90b-254877082e97",
    },
    "network": "Kaymbo",
    "rating": 1.3,
    "sport_type": "boxing",
    "thumbnail": "https://d1v0fxmwkpxbrg.cloudfront.net/sports-app/images/900x700/5.jpg",
    "title": "Onechanbara - Zombie Bikini Squad",
  },
  {
    "description": "Marathon Star is a documentary about the life of a man who travels the world on a motorcycle. It is a story of adventure, freedom, and the pursuit of dreams. It is a story of a man who travels the world on a motorcycle.",
    "genre": "Documentary",
    "itemId": "empty-air-date",
    "linkedContent": {
      "endpoint": "livestreams",
      "itemId": "50128bae-e954-4233-8e15-cd5867a31370",
    },
    "network": "Bluejam",
    "rating": 2.7,
    "sport_type": "volleyball",
    "thumbnail": "https://d1v0fxmwkpxbrg.cloudfront.net/sports-app/images/900x700/6.jpg",
    "title": "Marathon Star",
  },
  {
    "description": "Snowball Effect: The Story of 'Clerks' is a documentary about the life of a man who travels the world on a motorcycle. It is a story of adventure, freedom, and the pursuit of dreams. It is a story of a man who travels the world on a motorcycle.",
    "genre": "Documentary",
    "itemId": "02c0c212-14bd-49c9-b20e-f2e0a723b785",
    "linkedContent": {
      "endpoint": "teams",
      "itemId": "be00b94a-e12a-48c4-9615-23c3478f1bd0",
    },
    "network": "Eayo",
    "rating": 4.9,
    "sport_type": "table tennis",
    "thumbnail": "https://d1v0fxmwkpxbrg.cloudfront.net/sports-app/images/900x700/7.jpg",
    "title": "Snowball Effect: The Story of 'Clerks'",
  },
  {
    "description": "Best Man Holiday, The is a documentary about the life of a man who travels the world on a motorcycle. It is a story of adventure, freedom, and the pursuit of dreams. It is a story of a man who travels the world on a motorcycle.",
    "genre": "Reality",
    "itemId": "2f51a147-2640-4293-990a-1b29ee6f03c8",
    "network": "Agimba",
    "rating": 0.1,
    "sport_type": "table tennis",
    "thumbnail": "https://d1v0fxmwkpxbrg.cloudfront.net/sports-app/images/900x700/8.jpg",
    "title": "Best Man Holiday, The",
  },
  {
    "description": "Lilla Jönssonligan och Cornflakeskuppen is a documentary about the life of a man who travels the world on a motorcycle. It is a story of adventure, freedom, and the pursuit of dreams. It is a story of a man who travels the world on a motorcycle.",
    "genre": "Documentary",
    "itemId": "610185ba-76ac-4b2a-80bf-bd361a8bd500",
    "network": "Vimbo",
    "rating": 7.8,
    "sport_type": "swimming",
    "thumbnail": "https://d1v0fxmwkpxbrg.cloudfront.net/sports-app/images/900x700/9.jpg",
    "title": "Lilla Jönssonligan och Cornflakeskuppen",
  },
  {
    "description": "Dragonwyck is a documentary about the life of a man who travels the world on a motorcycle. It is a story of adventure, freedom, and the pursuit of dreams. It is a story of a man who travels the world on a motorcycle.",
    "genre": "Reality",
    "itemId": "203f7115-c974-414d-ae4b-c1e3ca22dcb3",
    "network": "Yakidoo",
    "rating": 3.3,
    "sport_type": "surfing",
    "thumbnail": "https://d1v0fxmwkpxbrg.cloudfront.net/sports-app/images/900x700/10.jpg",
    "title": "Dragonwyck",
  },
  {
    "description": "Ultimate Accessory,The (100% cachemire) is a documentary about the life of a man who travels the world on a motorcycle. It is a story of adventure, freedom, and the pursuit of dreams. It is a story of a man who travels the world on a motorcycle.",
    "genre": "Reality",
    "itemId": "462a558a-db32-410a-9058-6cbebe034af9",
    "network": "Dabtype",
    "rating": 3.2,
    "sport_type": "hockey",
    "thumbnail": "https://d1v0fxmwkpxbrg.cloudfront.net/sports-app/images/900x700/11.jpg",
    "title": "Ultimate Accessory,The (100% cachemire)",
  },
  {
    "description": "Best Years of Our Lives, The wrestling experience of a lifetime and more to come is a documentary about the life of a man who travels the world on a motorcycle. It is a story of adventure, freedom, and the pursuit of dreams. It is a story of a man who travels the world on a motorcycle.",
    "genre": "Documentary",
    "itemId": "d3d504c1-234a-40f3-bf43-3bb6b4a733c7",
    "network": "Demimbu",
    "rating": 0.1,
    "sport_type": "wrestling",
    "thumbnail": "https://d1v0fxmwkpxbrg.cloudfront.net/sports-app/images/900x700/12.jpg",
    "title": "Best Years of Our Lives, The wrestling experience of a lifetime and more to come",
  },
  {
    "description": "Hit Man is a documentary about the life of a man who travels the world on a motorcycle. It is a story of adventure, freedom, and the pursuit of dreams. It is a story of a man who travels the world on a motorcycle.",
    "genre": "Reality",
    "itemId": "8b71bddf-ec6c-457a-9739-df1db64c2e13",
    "network": "Trilia",
    "rating": 5.1,
    "sport_type": "tennis",
    "thumbnail": "https://d1v0fxmwkpxbrg.cloudfront.net/sports-app/images/900x700/13.jpg",
    "title": "Hit Man",
  },
  {
    "description": "21-87 is a documentary about the life of a man who travels the world on a motorcycle. It is a story of adventure, freedom, and the pursuit of dreams. It is a story of a man who travels the world on a motorcycle.",
    "genre": "Sports",
    "itemId": "cb5c4125-76d8-467c-b29b-547d8d50f385",
    "network": "Zooveo",
    "rating": 3.8,
    "sport_type": "surfing",
    "thumbnail": "https://d1v0fxmwkpxbrg.cloudfront.net/sports-app/images/900x700/14.jpg",
    "title": "21-87",
  },
  {
    "description": "Herr Lehmann is a documentary about the life of a man who travels the world on a motorcycle. It is a story of adventure, freedom, and the pursuit of dreams. It is a story of a man who travels the world on a motorcycle.",
    "genre": "Sports",
    "itemId": "fe34b5e1-cfd2-447f-86d9-e30047d57fd1",
    "network": "Topicshots",
    "rating": 9.4,
    "sport_type": "surfing",
    "thumbnail": "https://d1v0fxmwkpxbrg.cloudfront.net/sports-app/images/900x700/15.jpg",
    "title": "Herr Lehmann",
  },
  {
    "description": "Fruitvale Station is a documentary about the life of a man who travels the world on a motorcycle. It is a story of adventure, freedom, and the pursuit of dreams. It is a story of a man who travels the world on a motorcycle.",
    "genre": "Sports",
    "itemId": "22d2ac50-2fc9-4bcc-ab28-98712ecc9b73",
    "network": "Skimia",
    "rating": 8,
    "sport_type": "cricket",
    "thumbnail": "https://d1v0fxmwkpxbrg.cloudfront.net/sports-app/images/900x700/16.jpg",
    "title": "Fruitvale Station",
  },
  {
    "description": "L: Change the World is a documentary about the life of a man who travels the world on a motorcycle. It is a story of adventure, freedom, and the pursuit of dreams. It is a story of a man who travels the world on a motorcycle.",
    "genre": "Reality",
    "itemId": "8c700362-8853-427c-b15d-f77e0aed7046",
    "network": "Yadel",
    "rating": 1,
    "sport_type": "volleyball",
    "thumbnail": "https://d1v0fxmwkpxbrg.cloudfront.net/sports-app/images/900x700/17.jpg",
    "title": "L: Change the World",
  },
  {
    "description": "Blue Chips is a documentary about the life of a man who travels the world on a motorcycle. It is a story of adventure, freedom, and the pursuit of dreams. It is a story of a man who travels the world on a motorcycle.",
    "genre": "Reality",
    "itemId": "85da08a3-42e0-4a49-afbf-f73dbc950306",
    "network": "Trudeo",
    "rating": 1.5,
    "sport_type": "golf",
    "thumbnail": "https://d1v0fxmwkpxbrg.cloudfront.net/sports-app/images/900x700/18.jpg",
    "title": "Blue Chips",
  },
  {
    "description": "Hell Is Sold Out is a documentary about the life of a man who travels the world on a motorcycle. It is a story of adventure, freedom, and the pursuit of dreams. It is a story of a man who travels the world on a motorcycle.",
    "genre": "Documentary",
    "itemId": "6cb24e00-8d40-413b-a174-444753a0a0ac",
    "network": "Yakitri",
    "rating": 4.5,
    "sport_type": "skiing",
    "thumbnail": "https://d1v0fxmwkpxbrg.cloudfront.net/sports-app/images/900x700/19.jpg",
    "title": "Hell Is Sold Out",
  },
  {
    "description": "Mary of Scotland is a documentary about the life of a man who travels the world on a motorcycle. It is a story of adventure, freedom, and the pursuit of dreams. It is a story of a man who travels the world on a motorcycle.",
    "genre": "Sports",
    "itemId": "20628492-2281-471d-810d-c0919f84c5fa",
    "network": "Miboo",
    "rating": 5,
    "sport_type": "boxing",
    "thumbnail": "https://d1v0fxmwkpxbrg.cloudfront.net/sports-app/images/900x700/20.jpg",
    "title": "Bonobo, The",
  },
  {
    "description": "Reckless Moment, The is a documentary about the life of a man who travels the world on a motorcycle. It is a story of adventure, freedom, and the pursuit of dreams. It is a story of a man who travels the world on a motorcycle.",
    "genre": "Documentary",
    "itemId": "2036f260-1823-46dd-bd77-c2ebad65dc35",
    "network": "Gabcube",
    "rating": 3.4,
    "sport_type": "soccer",
    "thumbnail": "https://d1v0fxmwkpxbrg.cloudfront.net/sports-app/images/900x700/21.jpg",
    "title": "Mary of Scotland",
  },
  {
    "description": "Cotton Comes to Harlem is a documentary about the life of a man who travels the world on a motorcycle. It is a story of adventure, freedom, and the pursuit of dreams. It is a story of a man who travels the world on a motorcycle.",
    "genre": "Documentary",
    "itemId": "a402d466-813d-4201-930f-3da10207bc0e",
    "network": "Brainlounge",
    "rating": 7.7,
    "sport_type": "badminton",
    "thumbnail": "https://d1v0fxmwkpxbrg.cloudfront.net/sports-app/images/900x700/22.jpg",
    "title": "Reckless Moment, The",
  },
  {
    "description": "Turtles Can Fly (Lakposhtha hâm parvaz mikonand) is a documentary about the life of a man who travels the world on a motorcycle. It is a story of adventure, freedom, and the pursuit of dreams. It is a story of a man who travels the world on a motorcycle.",
    "genre": "Reality",
    "itemId": "ed6d3b3d-6489-459d-8c1e-40b64e49aac2",
    "network": "Buzzshare",
    "rating": 8.4,
    "sport_type": "boxing",
    "thumbnail": "https://d1v0fxmwkpxbrg.cloudfront.net/sports-app/images/900x700/23.jpg",
    "title": "Cotton Comes to Harlem",
  },
  {
    "description": "Doc Savage: The Man of Bronze is a documentary about the life of a man who travels the world on a motorcycle. It is a story of adventure, freedom, and the pursuit of dreams. It is a story of a man who travels the world on a motorcycle.",
    "genre": "Documentary",
    "itemId": "650cbdce-db08-458e-9cca-1161c9473cb8",
    "network": "Rhycero",
    "rating": 5,
    "sport_type": "boxing",
    "thumbnail": "https://d1v0fxmwkpxbrg.cloudfront.net/sports-app/images/900x700/24.jpg",
    "title": "Turtles Can Fly (Lakposhtha hâm parvaz mikonand)",
  },
  {
    "description": "Beginners is a documentary about the life of a man who travels the world on a motorcycle. It is a story of adventure, freedom, and the pursuit of dreams. It is a story of a man who travels the world on a motorcycle.",
    "genre": "Sports",
    "itemId": "d592b40c-c393-4483-804d-985e24483bcc",
    "network": "Wikido",
    "rating": 7.2,
    "sport_type": "cricket",
    "thumbnail": "https://d1v0fxmwkpxbrg.cloudfront.net/sports-app/images/900x700/25.jpg",
    "title": "Doc Savage: The Man of Bronze",
  },
  {
    "description": "The Last of the Mohicans is a documentary about the life of a man who travels the world on a motorcycle. It is a story of adventure, freedom, and the pursuit of dreams. It is a story of a man who travels the world on a motorcycle.",
    "genre": "Reality",
    "itemId": "17080c05-bc1d-435b-896b-bce5b50127da",
    "network": "Kwideo",
    "rating": 6.2,
    "sport_type": "tennis",
    "thumbnail": "https://d1v0fxmwkpxbrg.cloudfront.net/sports-app/images/900x700/26.jpg",
    "title": "Beginners",
  },
  {
    "description": "Overnighters, The running experience of a lifetime and more to come is a documentary about the life of a man who travels the world on a motorcycle. It is a story of adventure, freedom, and the pursuit of dreams. It is a story of a man who travels the world on a motorcycle.",
    "genre": "Documentary",
    "itemId": "fbb0c569-5778-4a56-9f96-7c11ea7d3ee2",
    "network": "Pixope",
    "rating": 4,
    "sport_type": "running",
    "thumbnail": "https://d1v0fxmwkpxbrg.cloudfront.net/sports-app/images/900x700/27.jpg",
    "title": "Overnighters, The running experience of a lifetime and more to come",
  },
  {
    "description": "Revenge of the Nerds II: Nerds in Paradise is a documentary about the life of a man who travels the world on a motorcycle. It is a story of adventure, freedom, and the pursuit of dreams. It is a story of a man who travels the world on a motorcycle.",
    "genre": "Documentary",
    "itemId": "e6f2d844-2770-4d94-a657-560edb6ad38c",
    "network": "Realblab",
    "rating": 5.2,
    "sport_type": "cycling",
    "thumbnail": "https://d1v0fxmwkpxbrg.cloudfront.net/sports-app/images/900x700/10.jpg",
    "title": "Honest Man: The Life of R. Budd Dwyer",
  },
  {
    "description": "Vesku from Finland (Vesku) is a documentary about the life of a man who travels the world on a motorcycle. It is a story of adventure, freedom, and the pursuit of dreams. It is a story of a man who travels the world on a motorcycle.",
    "genre": "Documentary",
    "itemId": "f818fd4f-eb90-496e-8e10-b094cd1cf94b",
    "network": "Riffpath",
    "rating": 9.7,
    "sport_type": "surfing",
    "thumbnail": "https://d1v0fxmwkpxbrg.cloudfront.net/sports-app/images/900x700/12.jpg",
    "title": "Revenge of the Nerds II: Nerds in Paradise",
  },
  {
    "description": "Nightmare in Las Cruces, A is a documentary about the life of a man who travels the world on a motorcycle. It is a story of adventure, freedom, and the pursuit of dreams. It is a story of a man who travels the world on a motorcycle.",
    "genre": "Sports",
    "itemId": "1cfbd089-9dbb-4b10-884c-ab0f4e823dce",
    "network": "Skyba",
    "rating": 6.4,
    "sport_type": "wrestling",
    "thumbnail": "https://d1v0fxmwkpxbrg.cloudfront.net/sports-app/images/900x700/14.jpg",
    "title": "Vesku from Finland (Vesku)",
  },
  {
    "description": "Nightmare in Las Cruces, A is a documentary about the life of a man who travels the world on a motorcycle. It is a story of adventure, freedom, and the pursuit of dreams. It is a story of a man who travels the world on a motorcycle.",
    "genre": "Sports",
    "itemId": "405c1699-57aa-4982-8aff-9f120369dc14",
    "network": "JumpXS",
    "rating": 8.3,
    "sport_type": "snowboarding",
    "thumbnail": "https://d1v0fxmwkpxbrg.cloudfront.net/sports-app/images/900x700/16.jpg",
    "title": "Nightmare in Las Cruces, A",
  },
]
`;

exports[`fetchSuggestedForYou useSuggestedForYou should return suggestedForYou data and no error on successful fetch 1`] = `
[
  {
    "description": "American Vagabond is a documentary about the life of a man who travels the world on a motorcycle. It is a story of adventure, freedom, and the pursuit of dreams. It is a story of a man who travels the world on a motorcycle.",
    "genre": "Documentary",
    "itemId": "e9a06a8f-9d40-41b9-a8b4-38bbc67159a2",
    "linkedContent": {
      "endpoint": "livestreams",
      "itemId": "50128bae-e954-4233-8e15-cd5867a31370",
    },
    "network": "Bluejam",
    "rating": 2.7,
    "sport_type": "volleyball",
    "thumbnail": "https://d1v0fxmwkpxbrg.cloudfront.net/sports-app/images/900x700/1.jpg",
    "title": "American Vagabond",
  },
  {
    "description": "Dark Horse is a documentary about the life of a man who travels the world on a motorcycle. It is a story of adventure, freedom, and the pursuit of dreams. It is a story of a man who travels the world on a motorcycle.",
    "genre": "Documentary",
    "itemId": "2eae733d-748a-49dc-9558-56984b4bffda",
    "linkedContent": {
      "endpoint": "livestreams",
      "itemId": "d9f25760-7263-426a-b4d7-a25e14a26f03",
    },
    "network": "Devcast",
    "rating": 0.2,
    "sport_type": "boxing",
    "thumbnail": "https://d1v0fxmwkpxbrg.cloudfront.net/sports-app/images/900x700/2.jpg",
    "title": "Dark Horse (Voksne mennesker)",
  },
  {
    "description": "Big, Large and Verdone is a documentary about the life of a man who travels the world on a motorcycle. It is a story of adventure, freedom, and the pursuit of dreams. It is a story of a man who travels the world on a motorcycle.",
    "genre": "Documentary",
    "itemId": "d8942af8-899b-4938-9060-328562d9e186",
    "linkedContent": {
      "endpoint": "livestreams",
      "itemId": "449e40c9-1b3a-4a33-931f-5172b5abaf39",
    },
    "network": "Ntags",
    "rating": 8.3,
    "sport_type": "hockey",
    "thumbnail": "https://d1v0fxmwkpxbrg.cloudfront.net/sports-app/images/900x700/3.jpg",
    "title": "Big, Large and Verdone",
  },
  {
    "description": "Crossroads is a documentary about the life of a man who travels the world on a motorcycle. It is a story of adventure, freedom, and the pursuit of dreams. It is a story of a man who travels the world on a motorcycle.",
    "genre": "Reality",
    "itemId": "9bebda7d-bd2f-4660-9217-19b986e2fdd0",
    "linkedContent": {
      "endpoint": "teams",
      "itemId": "f2d507fe-682c-476a-9a91-56923d9e5a49",
    },
    "network": "Abata",
    "rating": 2.8,
    "sport_type": "cycling",
    "thumbnail": "https://d1v0fxmwkpxbrg.cloudfront.net/sports-app/images/900x700/4.jpg",
    "title": "Crossroads",
  },
  {
    "description": "Onechanbara - Zombie Bikini Squad (a.k.a. Oneechanbara: The Movie) is a documentary about the life of a man who travels the world on a motorcycle. It is a story of adventure, freedom, and the pursuit of dreams. It is a story of a man who travels the world on a motorcycle.",
    "genre": "Reality",
    "itemId": "7c61e824-e4e5-41a3-a0bf-7fcc16b3a297",
    "linkedContent": {
      "endpoint": "teams",
      "itemId": "fdd82ada-af3f-4fe8-a90b-254877082e97",
    },
    "network": "Kaymbo",
    "rating": 1.3,
    "sport_type": "boxing",
    "thumbnail": "https://d1v0fxmwkpxbrg.cloudfront.net/sports-app/images/900x700/5.jpg",
    "title": "Onechanbara - Zombie Bikini Squad",
  },
  {
    "description": "Marathon Star is a documentary about the life of a man who travels the world on a motorcycle. It is a story of adventure, freedom, and the pursuit of dreams. It is a story of a man who travels the world on a motorcycle.",
    "genre": "Documentary",
    "itemId": "empty-air-date",
    "linkedContent": {
      "endpoint": "livestreams",
      "itemId": "50128bae-e954-4233-8e15-cd5867a31370",
    },
    "network": "Bluejam",
    "rating": 2.7,
    "sport_type": "volleyball",
    "thumbnail": "https://d1v0fxmwkpxbrg.cloudfront.net/sports-app/images/900x700/6.jpg",
    "title": "Marathon Star",
  },
  {
    "description": "Snowball Effect: The Story of 'Clerks' is a documentary about the life of a man who travels the world on a motorcycle. It is a story of adventure, freedom, and the pursuit of dreams. It is a story of a man who travels the world on a motorcycle.",
    "genre": "Documentary",
    "itemId": "02c0c212-14bd-49c9-b20e-f2e0a723b785",
    "linkedContent": {
      "endpoint": "teams",
      "itemId": "be00b94a-e12a-48c4-9615-23c3478f1bd0",
    },
    "network": "Eayo",
    "rating": 4.9,
    "sport_type": "table tennis",
    "thumbnail": "https://d1v0fxmwkpxbrg.cloudfront.net/sports-app/images/900x700/7.jpg",
    "title": "Snowball Effect: The Story of 'Clerks'",
  },
  {
    "description": "Best Man Holiday, The is a documentary about the life of a man who travels the world on a motorcycle. It is a story of adventure, freedom, and the pursuit of dreams. It is a story of a man who travels the world on a motorcycle.",
    "genre": "Reality",
    "itemId": "2f51a147-2640-4293-990a-1b29ee6f03c8",
    "network": "Agimba",
    "rating": 0.1,
    "sport_type": "table tennis",
    "thumbnail": "https://d1v0fxmwkpxbrg.cloudfront.net/sports-app/images/900x700/8.jpg",
    "title": "Best Man Holiday, The",
  },
  {
    "description": "Lilla Jönssonligan och Cornflakeskuppen is a documentary about the life of a man who travels the world on a motorcycle. It is a story of adventure, freedom, and the pursuit of dreams. It is a story of a man who travels the world on a motorcycle.",
    "genre": "Documentary",
    "itemId": "610185ba-76ac-4b2a-80bf-bd361a8bd500",
    "network": "Vimbo",
    "rating": 7.8,
    "sport_type": "swimming",
    "thumbnail": "https://d1v0fxmwkpxbrg.cloudfront.net/sports-app/images/900x700/9.jpg",
    "title": "Lilla Jönssonligan och Cornflakeskuppen",
  },
  {
    "description": "Dragonwyck is a documentary about the life of a man who travels the world on a motorcycle. It is a story of adventure, freedom, and the pursuit of dreams. It is a story of a man who travels the world on a motorcycle.",
    "genre": "Reality",
    "itemId": "203f7115-c974-414d-ae4b-c1e3ca22dcb3",
    "network": "Yakidoo",
    "rating": 3.3,
    "sport_type": "surfing",
    "thumbnail": "https://d1v0fxmwkpxbrg.cloudfront.net/sports-app/images/900x700/10.jpg",
    "title": "Dragonwyck",
  },
  {
    "description": "Ultimate Accessory,The (100% cachemire) is a documentary about the life of a man who travels the world on a motorcycle. It is a story of adventure, freedom, and the pursuit of dreams. It is a story of a man who travels the world on a motorcycle.",
    "genre": "Reality",
    "itemId": "462a558a-db32-410a-9058-6cbebe034af9",
    "network": "Dabtype",
    "rating": 3.2,
    "sport_type": "hockey",
    "thumbnail": "https://d1v0fxmwkpxbrg.cloudfront.net/sports-app/images/900x700/11.jpg",
    "title": "Ultimate Accessory,The (100% cachemire)",
  },
  {
    "description": "Best Years of Our Lives, The wrestling experience of a lifetime and more to come is a documentary about the life of a man who travels the world on a motorcycle. It is a story of adventure, freedom, and the pursuit of dreams. It is a story of a man who travels the world on a motorcycle.",
    "genre": "Documentary",
    "itemId": "d3d504c1-234a-40f3-bf43-3bb6b4a733c7",
    "network": "Demimbu",
    "rating": 0.1,
    "sport_type": "wrestling",
    "thumbnail": "https://d1v0fxmwkpxbrg.cloudfront.net/sports-app/images/900x700/12.jpg",
    "title": "Best Years of Our Lives, The wrestling experience of a lifetime and more to come",
  },
  {
    "description": "Hit Man is a documentary about the life of a man who travels the world on a motorcycle. It is a story of adventure, freedom, and the pursuit of dreams. It is a story of a man who travels the world on a motorcycle.",
    "genre": "Reality",
    "itemId": "8b71bddf-ec6c-457a-9739-df1db64c2e13",
    "network": "Trilia",
    "rating": 5.1,
    "sport_type": "tennis",
    "thumbnail": "https://d1v0fxmwkpxbrg.cloudfront.net/sports-app/images/900x700/13.jpg",
    "title": "Hit Man",
  },
  {
    "description": "21-87 is a documentary about the life of a man who travels the world on a motorcycle. It is a story of adventure, freedom, and the pursuit of dreams. It is a story of a man who travels the world on a motorcycle.",
    "genre": "Sports",
    "itemId": "cb5c4125-76d8-467c-b29b-547d8d50f385",
    "network": "Zooveo",
    "rating": 3.8,
    "sport_type": "surfing",
    "thumbnail": "https://d1v0fxmwkpxbrg.cloudfront.net/sports-app/images/900x700/14.jpg",
    "title": "21-87",
  },
  {
    "description": "Herr Lehmann is a documentary about the life of a man who travels the world on a motorcycle. It is a story of adventure, freedom, and the pursuit of dreams. It is a story of a man who travels the world on a motorcycle.",
    "genre": "Sports",
    "itemId": "fe34b5e1-cfd2-447f-86d9-e30047d57fd1",
    "network": "Topicshots",
    "rating": 9.4,
    "sport_type": "surfing",
    "thumbnail": "https://d1v0fxmwkpxbrg.cloudfront.net/sports-app/images/900x700/15.jpg",
    "title": "Herr Lehmann",
  },
  {
    "description": "Fruitvale Station is a documentary about the life of a man who travels the world on a motorcycle. It is a story of adventure, freedom, and the pursuit of dreams. It is a story of a man who travels the world on a motorcycle.",
    "genre": "Sports",
    "itemId": "22d2ac50-2fc9-4bcc-ab28-98712ecc9b73",
    "network": "Skimia",
    "rating": 8,
    "sport_type": "cricket",
    "thumbnail": "https://d1v0fxmwkpxbrg.cloudfront.net/sports-app/images/900x700/16.jpg",
    "title": "Fruitvale Station",
  },
  {
    "description": "L: Change the World is a documentary about the life of a man who travels the world on a motorcycle. It is a story of adventure, freedom, and the pursuit of dreams. It is a story of a man who travels the world on a motorcycle.",
    "genre": "Reality",
    "itemId": "8c700362-8853-427c-b15d-f77e0aed7046",
    "network": "Yadel",
    "rating": 1,
    "sport_type": "volleyball",
    "thumbnail": "https://d1v0fxmwkpxbrg.cloudfront.net/sports-app/images/900x700/17.jpg",
    "title": "L: Change the World",
  },
  {
    "description": "Blue Chips is a documentary about the life of a man who travels the world on a motorcycle. It is a story of adventure, freedom, and the pursuit of dreams. It is a story of a man who travels the world on a motorcycle.",
    "genre": "Reality",
    "itemId": "85da08a3-42e0-4a49-afbf-f73dbc950306",
    "network": "Trudeo",
    "rating": 1.5,
    "sport_type": "golf",
    "thumbnail": "https://d1v0fxmwkpxbrg.cloudfront.net/sports-app/images/900x700/18.jpg",
    "title": "Blue Chips",
  },
  {
    "description": "Hell Is Sold Out is a documentary about the life of a man who travels the world on a motorcycle. It is a story of adventure, freedom, and the pursuit of dreams. It is a story of a man who travels the world on a motorcycle.",
    "genre": "Documentary",
    "itemId": "6cb24e00-8d40-413b-a174-444753a0a0ac",
    "network": "Yakitri",
    "rating": 4.5,
    "sport_type": "skiing",
    "thumbnail": "https://d1v0fxmwkpxbrg.cloudfront.net/sports-app/images/900x700/19.jpg",
    "title": "Hell Is Sold Out",
  },
  {
    "description": "Mary of Scotland is a documentary about the life of a man who travels the world on a motorcycle. It is a story of adventure, freedom, and the pursuit of dreams. It is a story of a man who travels the world on a motorcycle.",
    "genre": "Sports",
    "itemId": "20628492-2281-471d-810d-c0919f84c5fa",
    "network": "Miboo",
    "rating": 5,
    "sport_type": "boxing",
    "thumbnail": "https://d1v0fxmwkpxbrg.cloudfront.net/sports-app/images/900x700/20.jpg",
    "title": "Bonobo, The",
  },
  {
    "description": "Reckless Moment, The is a documentary about the life of a man who travels the world on a motorcycle. It is a story of adventure, freedom, and the pursuit of dreams. It is a story of a man who travels the world on a motorcycle.",
    "genre": "Documentary",
    "itemId": "2036f260-1823-46dd-bd77-c2ebad65dc35",
    "network": "Gabcube",
    "rating": 3.4,
    "sport_type": "soccer",
    "thumbnail": "https://d1v0fxmwkpxbrg.cloudfront.net/sports-app/images/900x700/21.jpg",
    "title": "Mary of Scotland",
  },
  {
    "description": "Cotton Comes to Harlem is a documentary about the life of a man who travels the world on a motorcycle. It is a story of adventure, freedom, and the pursuit of dreams. It is a story of a man who travels the world on a motorcycle.",
    "genre": "Documentary",
    "itemId": "a402d466-813d-4201-930f-3da10207bc0e",
    "network": "Brainlounge",
    "rating": 7.7,
    "sport_type": "badminton",
    "thumbnail": "https://d1v0fxmwkpxbrg.cloudfront.net/sports-app/images/900x700/22.jpg",
    "title": "Reckless Moment, The",
  },
  {
    "description": "Turtles Can Fly (Lakposhtha hâm parvaz mikonand) is a documentary about the life of a man who travels the world on a motorcycle. It is a story of adventure, freedom, and the pursuit of dreams. It is a story of a man who travels the world on a motorcycle.",
    "genre": "Reality",
    "itemId": "ed6d3b3d-6489-459d-8c1e-40b64e49aac2",
    "network": "Buzzshare",
    "rating": 8.4,
    "sport_type": "boxing",
    "thumbnail": "https://d1v0fxmwkpxbrg.cloudfront.net/sports-app/images/900x700/23.jpg",
    "title": "Cotton Comes to Harlem",
  },
  {
    "description": "Doc Savage: The Man of Bronze is a documentary about the life of a man who travels the world on a motorcycle. It is a story of adventure, freedom, and the pursuit of dreams. It is a story of a man who travels the world on a motorcycle.",
    "genre": "Documentary",
    "itemId": "650cbdce-db08-458e-9cca-1161c9473cb8",
    "network": "Rhycero",
    "rating": 5,
    "sport_type": "boxing",
    "thumbnail": "https://d1v0fxmwkpxbrg.cloudfront.net/sports-app/images/900x700/24.jpg",
    "title": "Turtles Can Fly (Lakposhtha hâm parvaz mikonand)",
  },
  {
    "description": "Beginners is a documentary about the life of a man who travels the world on a motorcycle. It is a story of adventure, freedom, and the pursuit of dreams. It is a story of a man who travels the world on a motorcycle.",
    "genre": "Sports",
    "itemId": "d592b40c-c393-4483-804d-985e24483bcc",
    "network": "Wikido",
    "rating": 7.2,
    "sport_type": "cricket",
    "thumbnail": "https://d1v0fxmwkpxbrg.cloudfront.net/sports-app/images/900x700/25.jpg",
    "title": "Doc Savage: The Man of Bronze",
  },
  {
    "description": "The Last of the Mohicans is a documentary about the life of a man who travels the world on a motorcycle. It is a story of adventure, freedom, and the pursuit of dreams. It is a story of a man who travels the world on a motorcycle.",
    "genre": "Reality",
    "itemId": "17080c05-bc1d-435b-896b-bce5b50127da",
    "network": "Kwideo",
    "rating": 6.2,
    "sport_type": "tennis",
    "thumbnail": "https://d1v0fxmwkpxbrg.cloudfront.net/sports-app/images/900x700/26.jpg",
    "title": "Beginners",
  },
  {
    "description": "Overnighters, The running experience of a lifetime and more to come is a documentary about the life of a man who travels the world on a motorcycle. It is a story of adventure, freedom, and the pursuit of dreams. It is a story of a man who travels the world on a motorcycle.",
    "genre": "Documentary",
    "itemId": "fbb0c569-5778-4a56-9f96-7c11ea7d3ee2",
    "network": "Pixope",
    "rating": 4,
    "sport_type": "running",
    "thumbnail": "https://d1v0fxmwkpxbrg.cloudfront.net/sports-app/images/900x700/27.jpg",
    "title": "Overnighters, The running experience of a lifetime and more to come",
  },
  {
    "description": "Revenge of the Nerds II: Nerds in Paradise is a documentary about the life of a man who travels the world on a motorcycle. It is a story of adventure, freedom, and the pursuit of dreams. It is a story of a man who travels the world on a motorcycle.",
    "genre": "Documentary",
    "itemId": "e6f2d844-2770-4d94-a657-560edb6ad38c",
    "network": "Realblab",
    "rating": 5.2,
    "sport_type": "cycling",
    "thumbnail": "https://d1v0fxmwkpxbrg.cloudfront.net/sports-app/images/900x700/10.jpg",
    "title": "Honest Man: The Life of R. Budd Dwyer",
  },
  {
    "description": "Vesku from Finland (Vesku) is a documentary about the life of a man who travels the world on a motorcycle. It is a story of adventure, freedom, and the pursuit of dreams. It is a story of a man who travels the world on a motorcycle.",
    "genre": "Documentary",
    "itemId": "f818fd4f-eb90-496e-8e10-b094cd1cf94b",
    "network": "Riffpath",
    "rating": 9.7,
    "sport_type": "surfing",
    "thumbnail": "https://d1v0fxmwkpxbrg.cloudfront.net/sports-app/images/900x700/12.jpg",
    "title": "Revenge of the Nerds II: Nerds in Paradise",
  },
  {
    "description": "Nightmare in Las Cruces, A is a documentary about the life of a man who travels the world on a motorcycle. It is a story of adventure, freedom, and the pursuit of dreams. It is a story of a man who travels the world on a motorcycle.",
    "genre": "Sports",
    "itemId": "1cfbd089-9dbb-4b10-884c-ab0f4e823dce",
    "network": "Skyba",
    "rating": 6.4,
    "sport_type": "wrestling",
    "thumbnail": "https://d1v0fxmwkpxbrg.cloudfront.net/sports-app/images/900x700/14.jpg",
    "title": "Vesku from Finland (Vesku)",
  },
  {
    "description": "Nightmare in Las Cruces, A is a documentary about the life of a man who travels the world on a motorcycle. It is a story of adventure, freedom, and the pursuit of dreams. It is a story of a man who travels the world on a motorcycle.",
    "genre": "Sports",
    "itemId": "405c1699-57aa-4982-8aff-9f120369dc14",
    "network": "JumpXS",
    "rating": 8.3,
    "sport_type": "snowboarding",
    "thumbnail": "https://d1v0fxmwkpxbrg.cloudfront.net/sports-app/images/900x700/16.jpg",
    "title": "Nightmare in Las Cruces, A",
  },
]
`;
